[debug] [2026-09-16T10:53:17.085Z] ----------------------------------------------------------------------
[debug] [2026-09-16T10:53:17.087Z] Command:       /usr/local/share/nvm/versions/node/v24.20.0/bin/node /home/codespace/nvm/current/bin/firebase init functions
[debug] [2026-09-16T10:53:17.087Z] CLI Version:   15.30.1
[debug] [2026-09-16T10:53:17.087Z] Platform:      linux
[debug] [2026-09-16T10:53:17.087Z] Node Version:  v24.20.0
[debug] [2026-09-16T10:53:17.087Z] Detected Agent: unknown
[debug] [2026-09-16T10:53:17.088Z] Time:          Wed Sep 16 2026 10:53:17 GMT+0000 (Coordinated Universal Time)
[debug] [2026-09-16T10:53:17.088Z] ----------------------------------------------------------------------
[debug] 
[info] 
     ######## #### ########  ######## ########     ###     ######  ########
     ##        ##  ##     ## ##       ##     ##  ##   ##  ##       ##
     ######    ##  ########  ######   ########  #########  ######  ######
     ##        ##  ##    ##  ##       ##     ## ##     ##       ## ##
     ##       #### ##     ## ######## ########  ##     ##  ######  ########

You're about to initialize a Firebase project in this directory:

  /workspaces/fagulha-app

Before we get started, keep in mind:

  * You are currently outside your home directory

[info] 
=== Project Setup
[info] 
[info] First, let's associate this project directory with a Firebase project.
[info] You can create multiple project aliases by running firebase use --add, 
[info] 
[debug] [2026-09-16T10:55:02.403Z] > command requires scopes: ["email","openid","https://www.googleapis.com/auth/cloudplatformprojects.readonly","https://www.googleapis.com/auth/firebase","https://www.googleapis.com/auth/cloud-platform"]
[debug] [2026-09-16T10:55:02.404Z] > authorizing via signed-in user (avlis.silva11@gmail.com)
[debug] [2026-09-16T10:55:02.417Z] Checked if tokens are valid: true, expires at: 1789559537704
[debug] [2026-09-16T10:55:02.417Z] Checked if tokens are valid: true, expires at: 1789559537704
[debug] [2026-09-16T10:55:02.418Z] >>> [apiv2][query] GET https://firebase.googleapis.com/v1beta1/projects pageSize=100
[debug] [2026-09-16T10:55:02.747Z] <<< [apiv2][status] GET https://firebase.googleapis.com/v1beta1/projects 200
[debug] [2026-09-16T10:55:02.747Z] <<< [apiv2][body] GET https://firebase.googleapis.com/v1beta1/projects [omitted]
[info] 
=== Functions Setup
[debug] [2026-09-16T10:55:21.462Z] > command requires scopes: ["email","openid","https://www.googleapis.com/auth/cloudplatformprojects.readonly","https://www.googleapis.com/auth/firebase","https://www.googleapis.com/auth/cloud-platform"]
[debug] [2026-09-16T10:55:21.462Z] > authorizing via signed-in user (avlis.silva11@gmail.com)
[debug] [2026-09-16T10:55:21.463Z] [iam] checking project siara-engine for permissions ["firebase.projects.get"]
[debug] [2026-09-16T10:55:21.464Z] Checked if tokens are valid: true, expires at: 1789559537704
[debug] [2026-09-16T10:55:21.464Z] Checked if tokens are valid: true, expires at: 1789559537704
[debug] [2026-09-16T10:55:21.464Z] >>> [apiv2][query] POST https://cloudresourcemanager.googleapis.com/v1/projects/siara-engine:testIamPermissions [none]
[debug] [2026-09-16T10:55:21.464Z] >>> [apiv2][(partial)header] POST https://cloudresourcemanager.googleapis.com/v1/projects/siara-engine:testIamPermissions  x-goog-user-project=siara-engine
[debug] [2026-09-16T10:55:21.464Z] >>> [apiv2][body] POST https://cloudresourcemanager.googleapis.com/v1/projects/siara-engine:testIamPermissions {"permissions":["firebase.projects.get"]}
[debug] [2026-09-16T10:55:21.561Z] <<< [apiv2][status] POST https://cloudresourcemanager.googleapis.com/v1/projects/siara-engine:testIamPermissions 200
[debug] [2026-09-16T10:55:21.561Z] <<< [apiv2][body] POST https://cloudresourcemanager.googleapis.com/v1/projects/siara-engine:testIamPermissions {"permissions":["firebase.projects.get"]}
[debug] [2026-09-16T10:55:21.562Z] Checked if tokens are valid: true, expires at: 1789559537704
[debug] [2026-09-16T10:55:21.562Z] Checked if tokens are valid: true, expires at: 1789559537704
[debug] [2026-09-16T10:55:21.562Z] Checked if tokens are valid: true, expires at: 1789559537704
[debug] [2026-09-16T10:55:21.562Z] Checked if tokens are valid: true, expires at: 1789559537704
[debug] [2026-09-16T10:55:21.562Z] >>> [apiv2][query] GET https://serviceusage.googleapis.com/v1/projects/siara-engine/services/cloudfunctions.googleapis.com [none]
[debug] [2026-09-16T10:55:21.562Z] >>> [apiv2][(partial)header] GET https://serviceusage.googleapis.com/v1/projects/siara-engine/services/cloudfunctions.googleapis.com  x-goog-user-project=siara-engine
[debug] [2026-09-16T10:55:21.564Z] >>> [apiv2][query] GET https://serviceusage.googleapis.com/v1/projects/siara-engine/services/runtimeconfig.googleapis.com [none]
[debug] [2026-09-16T10:55:21.564Z] >>> [apiv2][(partial)header] GET https://serviceusage.googleapis.com/v1/projects/siara-engine/services/runtimeconfig.googleapis.com  x-goog-user-project=siara-engine
[debug] [2026-09-16T10:55:21.815Z] <<< [apiv2][status] GET https://serviceusage.googleapis.com/v1/projects/siara-engine/services/runtimeconfig.googleapis.com 200
[debug] [2026-09-16T10:55:21.815Z] <<< [apiv2][body] GET https://serviceusage.googleapis.com/v1/projects/siara-engine/services/runtimeconfig.googleapis.com [omitted]
[debug] [2026-09-16T10:55:21.847Z] <<< [apiv2][status] GET https://serviceusage.googleapis.com/v1/projects/siara-engine/services/cloudfunctions.googleapis.com 200
[debug] [2026-09-16T10:55:21.848Z] <<< [apiv2][body] GET https://serviceusage.googleapis.com/v1/projects/siara-engine/services/cloudfunctions.googleapis.com [omitted]
[debug] [2026-09-16T10:55:21.848Z] Checked if tokens are valid: true, expires at: 1789559537704
[debug] [2026-09-16T10:55:21.848Z] Checked if tokens are valid: true, expires at: 1789559537704
[debug] [2026-09-16T10:55:21.848Z] >>> [apiv2][query] POST https://serviceusage.googleapis.com/v1/projects/siara-engine/services/cloudfunctions.googleapis.com:enable [none]
[debug] [2026-09-16T10:55:21.849Z] >>> [apiv2][(partial)header] POST https://serviceusage.googleapis.com/v1/projects/siara-engine/services/cloudfunctions.googleapis.com:enable  x-goog-user-project=siara-engine
[debug] [2026-09-16T10:55:22.415Z] <<< [apiv2][status] POST https://serviceusage.googleapis.com/v1/projects/siara-engine/services/cloudfunctions.googleapis.com:enable 200
[debug] [2026-09-16T10:55:22.415Z] <<< [apiv2][body] POST https://serviceusage.googleapis.com/v1/projects/siara-engine/services/cloudfunctions.googleapis.com:enable [omitted]
[info] Let's create a new codebase for your functions.
[info] A directory corresponding to the codebase will be created in your project
[info] with sample code pre-configured.

[info] See https://firebase.google.com/docs/functions/organize-functions for
[info] more information on organizing your functions using codebases.

[info] Functions can be deployed with firebase deploy.

[info] ✔  Wrote functions/package.json 
[info] ✔  Wrote functions/index.js 
[info] ✔  Wrote functions/.gitignore 
[info] 
=== Agent Skills Setup
[info] If you are using an AI coding agent, Firebase Agent Skills make it an expert at Firebase.
